Student (Pathfinder): d=7, H=384, 1,567,105 params
Teacher (Lange GNN d=7 d_t=7) loaded and frozen
Dataset: p=0.007, batch=128
step      0/160000  bce=0.6842  kl=2.7519  1.0 s/s  ETA 2667min
step   1000/160000  bce=0.5641  kl=2.3634  17.9 s/s  ETA 148min
step   2000/160000  bce=0.4541  kl=1.9468  18.1 s/s  ETA 146min
step   3000/160000  bce=0.3471  kl=1.5544  18.0 s/s  ETA 145min
step   4000/160000  bce=0.3800  kl=1.2538  18.1 s/s  ETA 144min
step   5000/160000  bce=0.1890  kl=1.0928  18.2 s/s  ETA 142min
step   6000/160000  bce=0.3667  kl=1.2815  18.2 s/s  ETA 141min
step   7000/160000  bce=0.2954  kl=1.2283  18.2 s/s  ETA 140min
step   8000/160000  bce=0.2927  kl=1.0914  18.1 s/s  ETA 140min
step   9000/160000  bce=0.1056  kl=0.8492  18.1 s/s  ETA 139min
step  10000/160000  bce=0.2588  kl=0.9628  18.1 s/s  ETA 138min
  >>> EVAL LER @ p=0.007: 0.06830
  >>> saved (ler=0.06830)
step  11000/160000  bce=0.1451  kl=0.7509  18.1 s/s  ETA 137min
step  12000/160000  bce=0.1995  kl=1.0115  18.1 s/s  ETA 136min
step  13000/160000  bce=0.1807  kl=0.8982  18.2 s/s  ETA 135min
step  14000/160000  bce=0.1764  kl=0.8268  18.2 s/s  ETA 134min
step  15000/160000  bce=0.1727  kl=0.8627  18.2 s/s  ETA 133min
step  16000/160000  bce=0.1365  kl=0.9894  18.2 s/s  ETA 132min
step  17000/160000  bce=0.1115  kl=0.8733  18.1 s/s  ETA 131min
step  18000/160000  bce=0.1781  kl=0.8867  18.2 s/s  ETA 130min
step  19000/160000  bce=0.1079  kl=0.8277  18.1 s/s  ETA 130min
step  20000/160000  bce=0.1425  kl=0.8463  18.2 s/s  ETA 129min
  >>> EVAL LER @ p=0.007: 0.04840
  >>> saved (ler=0.04840)
step  21000/160000  bce=0.0496  kl=0.5616  18.2 s/s  ETA 128min
step  22000/160000  bce=0.1216  kl=0.9597  18.2 s/s  ETA 127min
step  23000/160000  bce=0.0647  kl=0.6283  18.2 s/s  ETA 126min
step  24000/160000  bce=0.0865  kl=0.7005  18.2 s/s  ETA 125min
step  25000/160000  bce=0.0966  kl=0.7361  18.2 s/s  ETA 124min
step  26000/160000  bce=0.0954  kl=0.7699  18.2 s/s  ETA 123min
step  27000/160000  bce=0.0865  kl=0.7731  18.2 s/s  ETA 122min
step  28000/160000  bce=0.0991  kl=0.8872  18.2 s/s  ETA 121min
step  29000/160000  bce=0.1823  kl=0.8711  18.2 s/s  ETA 120min
step  30000/160000  bce=0.1030  kl=0.8963  18.2 s/s  ETA 119min
  >>> EVAL LER @ p=0.007: 0.04670
  >>> saved (ler=0.04670)
step  31000/160000  bce=0.0993  kl=0.7550  18.2 s/s  ETA 118min
step  32000/160000  bce=0.1261  kl=0.8823  18.2 s/s  ETA 117min
step  33000/160000  bce=0.0342  kl=0.7786  18.2 s/s  ETA 116min
step  34000/160000  bce=0.0651  kl=0.6824  18.2 s/s  ETA 115min
step  35000/160000  bce=0.1442  kl=0.8041  18.2 s/s  ETA 114min
step  36000/160000  bce=0.1095  kl=0.7589  18.2 s/s  ETA 113min
step  37000/160000  bce=0.0994  kl=0.7411  18.2 s/s  ETA 113min
step  38000/160000  bce=0.1600  kl=0.7887  18.2 s/s  ETA 112min
step  39000/160000  bce=0.1343  kl=0.7997  18.2 s/s  ETA 111min
step  40000/160000  bce=0.1177  kl=0.7568  18.2 s/s  ETA 110min
  >>> EVAL LER @ p=0.007: 0.04100
  >>> saved (ler=0.04100)
step  41000/160000  bce=0.0898  kl=0.7202  18.2 s/s  ETA 109min
step  42000/160000  bce=0.1293  kl=0.7130  18.2 s/s  ETA 108min
step  43000/160000  bce=0.1324  kl=0.7313  18.2 s/s  ETA 107min
step  44000/160000  bce=0.0797  kl=0.8258  18.2 s/s  ETA 106min
step  45000/160000  bce=0.1277  kl=0.8015  18.2 s/s  ETA 105min
step  46000/160000  bce=0.0544  kl=0.5650  18.2 s/s  ETA 104min
step  47000/160000  bce=0.1638  kl=0.7095  18.2 s/s  ETA 103min
step  48000/160000  bce=0.1448  kl=0.7154  18.2 s/s  ETA 102min
step  49000/160000  bce=0.1410  kl=0.8540  18.2 s/s  ETA 102min
step  50000/160000  bce=0.1289  kl=0.7723  18.2 s/s  ETA 101min
  >>> EVAL LER @ p=0.007: 0.04050
  >>> saved (ler=0.04050)
step  51000/160000  bce=0.1287  kl=0.9022  18.2 s/s  ETA 100min
step  52000/160000  bce=0.0781  kl=0.6785  18.2 s/s  ETA 99min
step  53000/160000  bce=0.0343  kl=0.5806  18.2 s/s  ETA 98min
step  54000/160000  bce=0.1010  kl=0.8420  18.2 s/s  ETA 97min
step  55000/160000  bce=0.0463  kl=0.6897  18.2 s/s  ETA 96min
step  56000/160000  bce=0.1389  kl=0.7927  18.2 s/s  ETA 95min
step  57000/160000  bce=0.0548  kl=0.6518  18.2 s/s  ETA 94min
step  58000/160000  bce=0.0875  kl=0.8217  18.2 s/s  ETA 93min
step  59000/160000  bce=0.1111  kl=0.9168  18.2 s/s  ETA 92min
step  60000/160000  bce=0.0865  kl=0.7797  18.2 s/s  ETA 91min
  >>> EVAL LER @ p=0.007: 0.04110
step  61000/160000  bce=0.0751  kl=0.7316  18.2 s/s  ETA 90min
step  62000/160000  bce=0.0678  kl=0.7022  18.2 s/s  ETA 90min
step  63000/160000  bce=0.0579  kl=0.7876  18.2 s/s  ETA 89min
step  64000/160000  bce=0.0385  kl=0.6647  18.2 s/s  ETA 88min
step  65000/160000  bce=0.1427  kl=0.9353  18.2 s/s  ETA 87min
step  66000/160000  bce=0.1579  kl=0.8613  18.2 s/s  ETA 86min
step  67000/160000  bce=0.1061  kl=0.8689  18.2 s/s  ETA 85min
step  68000/160000  bce=0.1504  kl=0.6779  18.2 s/s  ETA 84min
step  69000/160000  bce=0.1261  kl=0.9097  18.2 s/s  ETA 83min
step  70000/160000  bce=0.0705  kl=0.8988  18.2 s/s  ETA 82min
  >>> EVAL LER @ p=0.007: 0.03570
  >>> saved (ler=0.03570)
step  71000/160000  bce=0.0711  kl=0.7805  18.2 s/s  ETA 81min
step  72000/160000  bce=0.0989  kl=0.7592  18.2 s/s  ETA 80min
step  73000/160000  bce=0.0649  kl=0.7531  18.2 s/s  ETA 80min
step  74000/160000  bce=0.0449  kl=0.7238  18.2 s/s  ETA 79min
step  75000/160000  bce=0.0616  kl=0.6537  18.2 s/s  ETA 78min
step  76000/160000  bce=0.0899  kl=0.8001  18.2 s/s  ETA 77min
step  77000/160000  bce=0.0995  kl=0.8266  18.2 s/s  ETA 76min
step  78000/160000  bce=0.1242  kl=0.7549  18.2 s/s  ETA 75min
step  79000/160000  bce=0.0910  kl=0.7586  18.2 s/s  ETA 74min
step  80000/160000  bce=0.0838  kl=0.7763  18.2 s/s  ETA 73min
  >>> EVAL LER @ p=0.007: 0.03760
step  81000/160000  bce=0.1114  kl=0.7473  18.2 s/s  ETA 72min
step  82000/160000  bce=0.1066  kl=0.9352  18.2 s/s  ETA 71min
step  83000/160000  bce=0.0591  kl=0.6884  18.2 s/s  ETA 70min
step  84000/160000  bce=0.0514  kl=0.7759  18.2 s/s  ETA 70min
step  85000/160000  bce=0.0571  kl=0.7713  18.2 s/s  ETA 69min
step  86000/160000  bce=0.0794  kl=0.7955  18.2 s/s  ETA 68min
step  87000/160000  bce=0.0690  kl=0.8238  18.2 s/s  ETA 67min
step  88000/160000  bce=0.1078  kl=0.8374  18.2 s/s  ETA 66min
step  89000/160000  bce=0.0374  kl=0.7460  18.2 s/s  ETA 65min
step  90000/160000  bce=0.0396  kl=0.7336  18.2 s/s  ETA 64min
  >>> EVAL LER @ p=0.007: 0.03420
  >>> saved (ler=0.03420)
step  91000/160000  bce=0.1049  kl=0.7878  18.2 s/s  ETA 63min
step  92000/160000  bce=0.0753  kl=0.8619  18.2 s/s  ETA 62min
step  93000/160000  bce=0.0571  kl=0.6718  18.2 s/s  ETA 61min
step  94000/160000  bce=0.1575  kl=0.8151  18.2 s/s  ETA 60min
step  95000/160000  bce=0.1011  kl=0.6433  18.2 s/s  ETA 60min
step  96000/160000  bce=0.1317  kl=0.8872  18.2 s/s  ETA 59min
step  97000/160000  bce=0.0477  kl=0.7373  18.2 s/s  ETA 58min
step  98000/160000  bce=0.0994  kl=0.8523  18.2 s/s  ETA 57min
step  99000/160000  bce=0.1043  kl=0.9171  18.2 s/s  ETA 56min
step 100000/160000  bce=0.0940  kl=0.7952  18.2 s/s  ETA 55min
  >>> EVAL LER @ p=0.007: 0.03310
  >>> saved (ler=0.03310)
step 101000/160000  bce=0.0539  kl=0.6130  18.2 s/s  ETA 54min
step 102000/160000  bce=0.0535  kl=0.5178  18.2 s/s  ETA 53min
step 103000/160000  bce=0.0448  kl=0.6796  18.2 s/s  ETA 52min
step 104000/160000  bce=0.1204  kl=0.7078  18.2 s/s  ETA 51min
step 105000/160000  bce=0.0468  kl=0.7523  18.2 s/s  ETA 50min
step 106000/160000  bce=0.0502  kl=0.5944  18.2 s/s  ETA 49min
step 107000/160000  bce=0.0680  kl=0.6917  18.2 s/s  ETA 49min
step 108000/160000  bce=0.0362  kl=0.6962  18.2 s/s  ETA 48min
step 109000/160000  bce=0.1908  kl=0.8947  18.2 s/s  ETA 47min
step 110000/160000  bce=0.0389  kl=0.7022  18.2 s/s  ETA 46min
  >>> EVAL LER @ p=0.007: 0.02900
  >>> saved (ler=0.02900)
step 111000/160000  bce=0.0532  kl=0.6466  18.2 s/s  ETA 45min
step 112000/160000  bce=0.0711  kl=0.6465  18.2 s/s  ETA 44min
step 113000/160000  bce=0.0437  kl=0.7312  18.2 s/s  ETA 43min
step 114000/160000  bce=0.0907  kl=0.7681  18.2 s/s  ETA 42min
step 115000/160000  bce=0.1059  kl=0.7067  18.2 s/s  ETA 41min
step 116000/160000  bce=0.0738  kl=0.7270  18.2 s/s  ETA 40min
step 117000/160000  bce=0.1323  kl=0.7934  18.2 s/s  ETA 39min
step 118000/160000  bce=0.1314  kl=0.8077  18.2 s/s  ETA 38min
step 119000/160000  bce=0.0966  kl=0.7108  18.2 s/s  ETA 38min
step 120000/160000  bce=0.1138  kl=0.7595  18.2 s/s  ETA 37min
  >>> EVAL LER @ p=0.007: 0.02560
  >>> saved (ler=0.02560)
step 121000/160000  bce=0.0555  kl=0.6599  18.2 s/s  ETA 36min
step 122000/160000  bce=0.0847  kl=0.5813  18.2 s/s  ETA 35min
step 123000/160000  bce=0.0405  kl=0.7865  18.2 s/s  ETA 34min
step 124000/160000  bce=0.0835  kl=0.5996  18.2 s/s  ETA 33min
step 125000/160000  bce=0.0634  kl=0.6532  18.2 s/s  ETA 32min
step 126000/160000  bce=0.1343  kl=0.7065  18.2 s/s  ETA 31min
step 127000/160000  bce=0.0596  kl=0.6056  18.2 s/s  ETA 30min
step 128000/160000  bce=0.0590  kl=0.7153  18.2 s/s  ETA 29min
step 129000/160000  bce=0.0974  kl=0.7448  18.2 s/s  ETA 28min
step 130000/160000  bce=0.1423  kl=0.8337  18.2 s/s  ETA 27min
  >>> EVAL LER @ p=0.007: 0.02640
step 131000/160000  bce=0.0628  kl=0.6806  18.2 s/s  ETA 27min
step 132000/160000  bce=0.0343  kl=0.5465  18.2 s/s  ETA 26min
step 133000/160000  bce=0.0429  kl=0.7270  18.2 s/s  ETA 25min
step 134000/160000  bce=0.0374  kl=0.6613  18.2 s/s  ETA 24min
step 135000/160000  bce=0.0857  kl=0.7923  18.2 s/s  ETA 23min
step 136000/160000  bce=0.0989  kl=0.6526  18.2 s/s  ETA 22min
step 137000/160000  bce=0.0438  kl=0.6357  18.2 s/s  ETA 21min
step 138000/160000  bce=0.0842  kl=0.7835  18.2 s/s  ETA 20min
step 139000/160000  bce=0.0429  kl=0.6827  18.2 s/s  ETA 19min
step 140000/160000  bce=0.0689  kl=0.8067  18.2 s/s  ETA 18min
  >>> EVAL LER @ p=0.007: 0.02750
step 141000/160000  bce=0.0393  kl=0.5979  18.2 s/s  ETA 17min
step 142000/160000  bce=0.0450  kl=0.6653  18.2 s/s  ETA 16min
step 143000/160000  bce=0.1059  kl=0.7152  18.2 s/s  ETA 16min
step 144000/160000  bce=0.0318  kl=0.7656  18.2 s/s  ETA 15min
step 145000/160000  bce=0.0576  kl=0.6658  18.2 s/s  ETA 14min
step 146000/160000  bce=0.0929  kl=0.6000  18.2 s/s  ETA 13min
step 147000/160000  bce=0.0843  kl=0.7668  18.2 s/s  ETA 12min
step 148000/160000  bce=0.1178  kl=0.6915  18.2 s/s  ETA 11min
step 149000/160000  bce=0.0708  kl=0.5101  18.2 s/s  ETA 10min
step 150000/160000  bce=0.0469  kl=0.7496  18.2 s/s  ETA 9min
  >>> EVAL LER @ p=0.007: 0.02630
step 151000/160000  bce=0.0534  kl=0.7148  18.2 s/s  ETA 8min
step 152000/160000  bce=0.0492  kl=0.6744  18.2 s/s  ETA 7min
step 153000/160000  bce=0.0744  kl=0.7318  18.2 s/s  ETA 6min
step 154000/160000  bce=0.0657  kl=0.7218  18.2 s/s  ETA 5min
step 155000/160000  bce=0.0638  kl=0.6675  18.2 s/s  ETA 5min
step 156000/160000  bce=0.0766  kl=0.5565  18.2 s/s  ETA 4min
step 157000/160000  bce=0.0713  kl=0.7191  18.2 s/s  ETA 3min
step 158000/160000  bce=0.0878  kl=0.7070  18.2 s/s  ETA 2min
step 159000/160000  bce=0.0428  kl=0.5598  18.2 s/s  ETA 1min
