Student (Pathfinder): d=7, H=384, 1,567,105 params
Teacher (Lange GNN d=7 d_t=7) loaded and frozen
Dataset: p=0.007, batch=128
step      0/160000  bce=0.7075  kl=2.7970  1.0 s/s  ETA 2667min
step   1000/160000  bce=0.6813  kl=2.3330  17.9 s/s  ETA 148min
step   2000/160000  bce=0.4764  kl=1.7789  18.0 s/s  ETA 146min
step   3000/160000  bce=0.3792  kl=1.4965  18.0 s/s  ETA 146min
step   4000/160000  bce=0.3361  kl=1.3075  17.9 s/s  ETA 145min
step   5000/160000  bce=0.2472  kl=1.1967  17.9 s/s  ETA 144min
step   6000/160000  bce=0.1845  kl=1.1350  17.9 s/s  ETA 143min
step   7000/160000  bce=0.2814  kl=1.1623  18.0 s/s  ETA 142min
step   8000/160000  bce=0.2823  kl=1.0858  18.0 s/s  ETA 141min
step   9000/160000  bce=0.1579  kl=0.9473  18.0 s/s  ETA 140min
step  10000/160000  bce=0.2974  kl=1.0394  17.9 s/s  ETA 139min
  >>> EVAL LER @ p=0.007: 0.07550
  >>> saved (ler=0.07550)
step  11000/160000  bce=0.1350  kl=0.7730  17.9 s/s  ETA 139min
step  12000/160000  bce=0.1302  kl=0.8191  17.9 s/s  ETA 138min
step  13000/160000  bce=0.1428  kl=0.8998  18.0 s/s  ETA 136min
step  14000/160000  bce=0.2372  kl=0.9691  18.0 s/s  ETA 135min
step  15000/160000  bce=0.2678  kl=0.9260  18.0 s/s  ETA 134min
step  16000/160000  bce=0.1419  kl=0.8783  18.0 s/s  ETA 133min
step  17000/160000  bce=0.2344  kl=0.8995  18.0 s/s  ETA 132min
step  18000/160000  bce=0.1773  kl=0.8883  18.0 s/s  ETA 131min
step  19000/160000  bce=0.0687  kl=0.6501  18.0 s/s  ETA 130min
step  20000/160000  bce=0.0900  kl=0.7835  18.0 s/s  ETA 130min
  >>> EVAL LER @ p=0.007: 0.05000
  >>> saved (ler=0.05000)
step  21000/160000  bce=0.2105  kl=0.8518  18.0 s/s  ETA 129min
step  22000/160000  bce=0.0563  kl=0.8039  18.0 s/s  ETA 128min
step  23000/160000  bce=0.1832  kl=0.8600  18.0 s/s  ETA 127min
step  24000/160000  bce=0.0435  kl=0.6255  18.0 s/s  ETA 126min
step  25000/160000  bce=0.0803  kl=0.7384  18.0 s/s  ETA 125min
step  26000/160000  bce=0.1096  kl=0.6767  18.0 s/s  ETA 124min
step  27000/160000  bce=0.1040  kl=0.8256  18.0 s/s  ETA 123min
step  28000/160000  bce=0.0604  kl=0.6966  18.0 s/s  ETA 122min
step  29000/160000  bce=0.0720  kl=0.7304  18.1 s/s  ETA 121min
step  30000/160000  bce=0.0872  kl=0.6906  18.1 s/s  ETA 120min
  >>> EVAL LER @ p=0.007: 0.04780
  >>> saved (ler=0.04780)
step  31000/160000  bce=0.1325  kl=0.8213  18.0 s/s  ETA 119min
step  32000/160000  bce=0.1694  kl=0.8279  18.1 s/s  ETA 118min
step  33000/160000  bce=0.0955  kl=0.6593  18.1 s/s  ETA 117min
step  34000/160000  bce=0.0944  kl=0.8638  18.1 s/s  ETA 116min
step  35000/160000  bce=0.1000  kl=0.8111  18.1 s/s  ETA 115min
step  36000/160000  bce=0.0591  kl=0.6963  18.1 s/s  ETA 114min
step  37000/160000  bce=0.1416  kl=0.9458  18.1 s/s  ETA 113min
step  38000/160000  bce=0.0973  kl=0.8439  18.1 s/s  ETA 112min
step  39000/160000  bce=0.1288  kl=0.7013  18.1 s/s  ETA 112min
step  40000/160000  bce=0.0669  kl=0.5500  18.1 s/s  ETA 111min
  >>> EVAL LER @ p=0.007: 0.04350
  >>> saved (ler=0.04350)
step  41000/160000  bce=0.1259  kl=0.8489  18.1 s/s  ETA 110min
step  42000/160000  bce=0.0791  kl=0.7065  18.1 s/s  ETA 109min
step  43000/160000  bce=0.1450  kl=0.8856  18.1 s/s  ETA 108min
step  44000/160000  bce=0.0952  kl=0.9256  18.1 s/s  ETA 107min
step  45000/160000  bce=0.0536  kl=0.7212  18.1 s/s  ETA 106min
step  46000/160000  bce=0.0467  kl=0.6781  18.1 s/s  ETA 105min
step  47000/160000  bce=0.0270  kl=0.7297  18.1 s/s  ETA 104min
step  48000/160000  bce=0.0867  kl=0.7570  18.1 s/s  ETA 103min
step  49000/160000  bce=0.0884  kl=0.7173  18.1 s/s  ETA 102min
step  50000/160000  bce=0.0663  kl=0.6931  18.1 s/s  ETA 101min
  >>> EVAL LER @ p=0.007: 0.04300
  >>> saved (ler=0.04300)
step  51000/160000  bce=0.1160  kl=0.8570  18.1 s/s  ETA 101min
step  52000/160000  bce=0.0481  kl=0.8673  18.1 s/s  ETA 100min
step  53000/160000  bce=0.0824  kl=0.6336  18.1 s/s  ETA 99min
step  54000/160000  bce=0.1100  kl=0.7537  18.1 s/s  ETA 98min
step  55000/160000  bce=0.0731  kl=0.6966  18.1 s/s  ETA 97min
step  56000/160000  bce=0.1055  kl=0.7863  18.1 s/s  ETA 96min
step  57000/160000  bce=0.1282  kl=0.8495  18.1 s/s  ETA 95min
step  58000/160000  bce=0.1073  kl=0.8532  18.1 s/s  ETA 94min
step  59000/160000  bce=0.0908  kl=0.6815  18.1 s/s  ETA 93min
step  60000/160000  bce=0.0799  kl=0.7213  18.1 s/s  ETA 92min
  >>> EVAL LER @ p=0.007: 0.03880
  >>> saved (ler=0.03880)
step  61000/160000  bce=0.0753  kl=0.6360  18.1 s/s  ETA 91min
step  62000/160000  bce=0.0419  kl=0.6028  18.1 s/s  ETA 90min
step  63000/160000  bce=0.0822  kl=0.7243  18.1 s/s  ETA 89min
step  64000/160000  bce=0.0564  kl=0.7896  18.1 s/s  ETA 88min
step  65000/160000  bce=0.0580  kl=0.7055  18.1 s/s  ETA 88min
step  66000/160000  bce=0.0826  kl=0.7371  18.1 s/s  ETA 87min
step  67000/160000  bce=0.0660  kl=0.6750  18.1 s/s  ETA 86min
step  68000/160000  bce=0.0470  kl=0.5528  18.1 s/s  ETA 85min
step  69000/160000  bce=0.1049  kl=0.7352  18.1 s/s  ETA 84min
step  70000/160000  bce=0.0449  kl=0.6776  18.1 s/s  ETA 83min
  >>> EVAL LER @ p=0.007: 0.03550
  >>> saved (ler=0.03550)
step  71000/160000  bce=0.0664  kl=0.8346  18.1 s/s  ETA 82min
step  72000/160000  bce=0.1120  kl=0.9163  18.1 s/s  ETA 81min
step  73000/160000  bce=0.0332  kl=0.6571  18.1 s/s  ETA 80min
step  74000/160000  bce=0.1066  kl=0.8985  18.1 s/s  ETA 79min
step  75000/160000  bce=0.1523  kl=0.8375  18.1 s/s  ETA 78min
step  76000/160000  bce=0.0522  kl=0.7172  18.1 s/s  ETA 77min
step  77000/160000  bce=0.0941  kl=0.8163  18.1 s/s  ETA 76min
step  78000/160000  bce=0.0323  kl=0.6665  18.1 s/s  ETA 76min
step  79000/160000  bce=0.0731  kl=0.7307  18.1 s/s  ETA 75min
step  80000/160000  bce=0.0465  kl=0.6493  18.1 s/s  ETA 74min
  >>> EVAL LER @ p=0.007: 0.03410
  >>> saved (ler=0.03410)
step  81000/160000  bce=0.0540  kl=0.7157  18.1 s/s  ETA 73min
step  82000/160000  bce=0.1273  kl=0.6721  18.1 s/s  ETA 72min
step  83000/160000  bce=0.0777  kl=0.7719  18.1 s/s  ETA 71min
step  84000/160000  bce=0.0463  kl=0.5999  18.1 s/s  ETA 70min
step  85000/160000  bce=0.1219  kl=0.7832  18.1 s/s  ETA 69min
step  86000/160000  bce=0.0488  kl=0.6230  18.1 s/s  ETA 68min
step  87000/160000  bce=0.1064  kl=0.7741  18.1 s/s  ETA 67min
step  88000/160000  bce=0.0502  kl=0.6600  18.1 s/s  ETA 66min
step  89000/160000  bce=0.0846  kl=0.7527  18.1 s/s  ETA 65min
step  90000/160000  bce=0.0634  kl=0.8170  18.1 s/s  ETA 65min
  >>> EVAL LER @ p=0.007: 0.03140
  >>> saved (ler=0.03140)
step  91000/160000  bce=0.1018  kl=0.8453  18.1 s/s  ETA 64min
step  92000/160000  bce=0.0437  kl=0.6867  18.1 s/s  ETA 63min
step  93000/160000  bce=0.0490  kl=0.6364  18.1 s/s  ETA 62min
step  94000/160000  bce=0.1439  kl=0.9062  18.1 s/s  ETA 61min
step  95000/160000  bce=0.1317  kl=0.8188  18.1 s/s  ETA 60min
step  96000/160000  bce=0.0974  kl=0.7145  18.1 s/s  ETA 59min
step  97000/160000  bce=0.0317  kl=0.7189  18.1 s/s  ETA 58min
step  98000/160000  bce=0.1081  kl=0.6402  18.1 s/s  ETA 57min
step  99000/160000  bce=0.0835  kl=0.8291  18.1 s/s  ETA 56min
step 100000/160000  bce=0.0395  kl=0.7112  18.1 s/s  ETA 55min
  >>> EVAL LER @ p=0.007: 0.03270
step 101000/160000  bce=0.0557  kl=0.6921  18.1 s/s  ETA 54min
step 102000/160000  bce=0.1494  kl=0.6961  18.1 s/s  ETA 53min
step 103000/160000  bce=0.0820  kl=0.5842  18.1 s/s  ETA 53min
step 104000/160000  bce=0.0494  kl=0.6833  18.1 s/s  ETA 52min
step 105000/160000  bce=0.0603  kl=0.6438  18.1 s/s  ETA 51min
step 106000/160000  bce=0.0997  kl=0.6507  18.1 s/s  ETA 50min
step 107000/160000  bce=0.0407  kl=0.7824  18.1 s/s  ETA 49min
step 108000/160000  bce=0.0595  kl=0.7267  18.1 s/s  ETA 48min
step 109000/160000  bce=0.0457  kl=0.7210  18.1 s/s  ETA 47min
step 110000/160000  bce=0.0594  kl=0.7454  18.1 s/s  ETA 46min
  >>> EVAL LER @ p=0.007: 0.02780
  >>> saved (ler=0.02780)
step 111000/160000  bce=0.1038  kl=0.7045  18.1 s/s  ETA 45min
step 112000/160000  bce=0.0613  kl=0.6268  18.1 s/s  ETA 44min
step 113000/160000  bce=0.0228  kl=0.6048  18.1 s/s  ETA 43min
step 114000/160000  bce=0.1265  kl=0.6616  18.1 s/s  ETA 42min
step 115000/160000  bce=0.0404  kl=0.5895  18.1 s/s  ETA 41min
step 116000/160000  bce=0.0681  kl=0.6937  18.1 s/s  ETA 41min
step 117000/160000  bce=0.1508  kl=0.7134  18.1 s/s  ETA 40min
step 118000/160000  bce=0.1032  kl=0.7397  18.1 s/s  ETA 39min
step 119000/160000  bce=0.0592  kl=0.8467  18.1 s/s  ETA 38min
step 120000/160000  bce=0.0511  kl=0.7242  18.1 s/s  ETA 37min
  >>> EVAL LER @ p=0.007: 0.02930
step 121000/160000  bce=0.0516  kl=0.5693  18.1 s/s  ETA 36min
step 122000/160000  bce=0.0429  kl=0.5974  18.1 s/s  ETA 35min
step 123000/160000  bce=0.0552  kl=0.6149  18.1 s/s  ETA 34min
step 124000/160000  bce=0.0852  kl=0.7131  18.1 s/s  ETA 33min
step 125000/160000  bce=0.1294  kl=0.7639  18.1 s/s  ETA 32min
step 126000/160000  bce=0.0871  kl=0.7648  18.1 s/s  ETA 31min
step 127000/160000  bce=0.1013  kl=0.8139  18.1 s/s  ETA 30min
step 128000/160000  bce=0.0668  kl=0.5924  18.1 s/s  ETA 29min
step 129000/160000  bce=0.0777  kl=0.7135  18.1 s/s  ETA 29min
step 130000/160000  bce=0.0266  kl=0.7185  18.1 s/s  ETA 28min
  >>> EVAL LER @ p=0.007: 0.02790
step 131000/160000  bce=0.0387  kl=0.7005  18.1 s/s  ETA 27min
step 132000/160000  bce=0.0358  kl=0.4983  18.1 s/s  ETA 26min
step 133000/160000  bce=0.0396  kl=0.6813  18.1 s/s  ETA 25min
step 134000/160000  bce=0.0877  kl=0.7069  18.1 s/s  ETA 24min
step 135000/160000  bce=0.0754  kl=0.7062  18.1 s/s  ETA 23min
step 136000/160000  bce=0.1169  kl=0.7112  18.1 s/s  ETA 22min
step 137000/160000  bce=0.0406  kl=0.8288  18.1 s/s  ETA 21min
step 138000/160000  bce=0.0593  kl=0.6296  18.1 s/s  ETA 20min
step 139000/160000  bce=0.1424  kl=0.6806  18.1 s/s  ETA 19min
step 140000/160000  bce=0.1140  kl=0.7778  18.1 s/s  ETA 18min
  >>> EVAL LER @ p=0.007: 0.02990
step 141000/160000  bce=0.0714  kl=0.7507  18.1 s/s  ETA 18min
step 142000/160000  bce=0.1291  kl=0.7468  18.1 s/s  ETA 17min
step 143000/160000  bce=0.0675  kl=0.6361  18.1 s/s  ETA 16min
step 144000/160000  bce=0.0696  kl=0.7183  18.1 s/s  ETA 15min
step 145000/160000  bce=0.1153  kl=0.7121  18.1 s/s  ETA 14min
step 146000/160000  bce=0.0519  kl=0.6203  18.1 s/s  ETA 13min
step 147000/160000  bce=0.0752  kl=0.7273  18.1 s/s  ETA 12min
step 148000/160000  bce=0.0182  kl=0.6252  18.1 s/s  ETA 11min
step 149000/160000  bce=0.0654  kl=0.6864  18.1 s/s  ETA 10min
step 150000/160000  bce=0.0907  kl=0.8752  18.1 s/s  ETA 9min
  >>> EVAL LER @ p=0.007: 0.02580
  >>> saved (ler=0.02580)
step 151000/160000  bce=0.0403  kl=0.6422  18.1 s/s  ETA 8min
step 152000/160000  bce=0.0687  kl=0.6883  18.1 s/s  ETA 7min
step 153000/160000  bce=0.0653  kl=0.7980  18.1 s/s  ETA 6min
step 154000/160000  bce=0.0764  kl=0.6651  18.1 s/s  ETA 6min
step 155000/160000  bce=0.0363  kl=0.6509  18.1 s/s  ETA 5min
step 156000/160000  bce=0.0935  kl=0.6739  18.1 s/s  ETA 4min
step 157000/160000  bce=0.0712  kl=0.7922  18.1 s/s  ETA 3min
step 158000/160000  bce=0.0403  kl=0.7030  18.1 s/s  ETA 2min
step 159000/160000  bce=0.0589  kl=0.6774  18.1 s/s  ETA 1min
