Student (Pathfinder): d=7, H=384, 1,567,105 params
Teacher (Lange GNN d=7 d_t=7) loaded and frozen
Dataset: p=0.007, batch=128
step      0/160000  bce=0.6990  kl=2.7826  1.0 s/s  ETA 2667min
step   1000/160000  bce=0.5194  kl=2.2720  17.5 s/s  ETA 151min
step   2000/160000  bce=0.3984  kl=1.7515  17.8 s/s  ETA 148min
step   3000/160000  bce=0.3528  kl=1.6499  17.8 s/s  ETA 147min
step   4000/160000  bce=0.3444  kl=1.4939  17.9 s/s  ETA 146min
step   5000/160000  bce=0.1820  kl=1.0635  17.9 s/s  ETA 145min
step   6000/160000  bce=0.2512  kl=1.1513  17.9 s/s  ETA 143min
step   7000/160000  bce=0.1807  kl=1.0658  18.0 s/s  ETA 142min
step   8000/160000  bce=0.2224  kl=1.1128  18.0 s/s  ETA 141min
step   9000/160000  bce=0.2035  kl=0.9057  18.0 s/s  ETA 140min
step  10000/160000  bce=0.1905  kl=1.0065  18.0 s/s  ETA 139min
  >>> EVAL LER @ p=0.007: 0.07130
  >>> saved (ler=0.07130)
step  11000/160000  bce=0.2198  kl=0.9973  18.0 s/s  ETA 138min
step  12000/160000  bce=0.1304  kl=0.8506  18.0 s/s  ETA 137min
step  13000/160000  bce=0.1695  kl=0.7792  18.0 s/s  ETA 136min
step  14000/160000  bce=0.1376  kl=0.8545  18.0 s/s  ETA 135min
step  15000/160000  bce=0.0799  kl=0.7750  18.0 s/s  ETA 134min
step  16000/160000  bce=0.2212  kl=1.0279  18.0 s/s  ETA 133min
step  17000/160000  bce=0.1372  kl=0.8148  18.0 s/s  ETA 132min
step  18000/160000  bce=0.1804  kl=0.9542  18.0 s/s  ETA 131min
step  19000/160000  bce=0.1250  kl=0.8259  18.0 s/s  ETA 130min
step  20000/160000  bce=0.1079  kl=0.8208  18.0 s/s  ETA 129min
  >>> EVAL LER @ p=0.007: 0.06250
  >>> saved (ler=0.06250)
step  21000/160000  bce=0.1253  kl=0.8071  18.0 s/s  ETA 129min
step  22000/160000  bce=0.1880  kl=0.7903  18.0 s/s  ETA 128min
step  23000/160000  bce=0.1434  kl=0.9065  18.0 s/s  ETA 127min
step  24000/160000  bce=0.1046  kl=0.9068  18.0 s/s  ETA 126min
step  25000/160000  bce=0.0661  kl=0.6863  18.0 s/s  ETA 125min
step  26000/160000  bce=0.1163  kl=0.7006  18.0 s/s  ETA 124min
step  27000/160000  bce=0.1797  kl=0.7396  18.0 s/s  ETA 123min
step  28000/160000  bce=0.1480  kl=0.9162  18.0 s/s  ETA 122min
step  29000/160000  bce=0.1057  kl=0.7395  18.0 s/s  ETA 121min
step  30000/160000  bce=0.0458  kl=0.6915  18.0 s/s  ETA 120min
  >>> EVAL LER @ p=0.007: 0.04900
  >>> saved (ler=0.04900)
step  31000/160000  bce=0.0540  kl=0.6925  18.0 s/s  ETA 119min
step  32000/160000  bce=0.0929  kl=0.7413  18.0 s/s  ETA 119min
step  33000/160000  bce=0.1096  kl=0.8237  18.0 s/s  ETA 118min
step  34000/160000  bce=0.1096  kl=0.7880  18.0 s/s  ETA 117min
step  35000/160000  bce=0.1220  kl=0.8621  18.0 s/s  ETA 116min
step  36000/160000  bce=0.0967  kl=0.7783  18.0 s/s  ETA 115min
step  37000/160000  bce=0.1628  kl=0.7710  18.0 s/s  ETA 114min
step  38000/160000  bce=0.1214  kl=0.8234  18.0 s/s  ETA 113min
step  39000/160000  bce=0.1292  kl=0.9025  18.0 s/s  ETA 112min
step  40000/160000  bce=0.1342  kl=0.7368  18.0 s/s  ETA 111min
  >>> EVAL LER @ p=0.007: 0.04270
  >>> saved (ler=0.04270)
step  41000/160000  bce=0.0869  kl=0.8751  18.0 s/s  ETA 110min
step  42000/160000  bce=0.1305  kl=0.7703  18.0 s/s  ETA 109min
step  43000/160000  bce=0.1147  kl=0.7361  18.0 s/s  ETA 108min
step  44000/160000  bce=0.0544  kl=0.7564  18.0 s/s  ETA 107min
step  45000/160000  bce=0.0947  kl=0.8753  18.0 s/s  ETA 106min
step  46000/160000  bce=0.0981  kl=0.6905  18.0 s/s  ETA 105min
step  47000/160000  bce=0.1294  kl=0.7798  18.0 s/s  ETA 105min
step  48000/160000  bce=0.0461  kl=0.7082  18.0 s/s  ETA 104min
step  49000/160000  bce=0.0645  kl=0.6150  18.0 s/s  ETA 103min
step  50000/160000  bce=0.1383  kl=0.8209  18.0 s/s  ETA 102min
  >>> EVAL LER @ p=0.007: 0.06070
step  51000/160000  bce=0.1528  kl=0.8971  18.0 s/s  ETA 101min
step  52000/160000  bce=0.0997  kl=0.8074  18.0 s/s  ETA 100min
step  53000/160000  bce=0.0727  kl=0.6239  18.0 s/s  ETA 99min
step  54000/160000  bce=0.0788  kl=0.8554  18.0 s/s  ETA 98min
step  55000/160000  bce=0.0819  kl=0.8693  18.0 s/s  ETA 97min
step  56000/160000  bce=0.0980  kl=0.7326  18.0 s/s  ETA 96min
step  57000/160000  bce=0.1149  kl=0.8815  18.0 s/s  ETA 95min
step  58000/160000  bce=0.0743  kl=0.7588  18.0 s/s  ETA 94min
step  59000/160000  bce=0.0489  kl=0.5975  18.0 s/s  ETA 93min
step  60000/160000  bce=0.0463  kl=0.7176  18.0 s/s  ETA 93min
  >>> EVAL LER @ p=0.007: 0.04070
  >>> saved (ler=0.04070)
step  61000/160000  bce=0.1266  kl=0.7664  18.0 s/s  ETA 92min
step  62000/160000  bce=0.0691  kl=0.7058  18.0 s/s  ETA 91min
step  63000/160000  bce=0.1495  kl=0.8386  18.0 s/s  ETA 90min
step  64000/160000  bce=0.0629  kl=0.7523  18.0 s/s  ETA 89min
step  65000/160000  bce=0.1235  kl=0.9342  18.0 s/s  ETA 88min
step  66000/160000  bce=0.0682  kl=0.7714  18.0 s/s  ETA 87min
step  67000/160000  bce=0.1369  kl=0.8492  18.0 s/s  ETA 86min
step  68000/160000  bce=0.0971  kl=0.6509  18.0 s/s  ETA 85min
step  69000/160000  bce=0.0900  kl=0.7661  18.0 s/s  ETA 84min
step  70000/160000  bce=0.0839  kl=0.7588  18.0 s/s  ETA 83min
  >>> EVAL LER @ p=0.007: 0.03360
  >>> saved (ler=0.03360)
step  71000/160000  bce=0.0578  kl=0.5878  18.0 s/s  ETA 82min
step  72000/160000  bce=0.1006  kl=0.7756  18.0 s/s  ETA 81min
step  73000/160000  bce=0.0897  kl=0.7457  18.0 s/s  ETA 80min
step  74000/160000  bce=0.0939  kl=0.8860  18.0 s/s  ETA 80min
step  75000/160000  bce=0.0770  kl=0.8574  18.0 s/s  ETA 79min
step  76000/160000  bce=0.0698  kl=0.6491  18.0 s/s  ETA 78min
step  77000/160000  bce=0.0476  kl=0.5288  18.0 s/s  ETA 77min
step  78000/160000  bce=0.0655  kl=0.7149  18.0 s/s  ETA 76min
step  79000/160000  bce=0.0712  kl=0.5774  18.0 s/s  ETA 75min
step  80000/160000  bce=0.1530  kl=0.9733  18.0 s/s  ETA 74min
  >>> EVAL LER @ p=0.007: 0.03560
step  81000/160000  bce=0.0960  kl=0.7520  18.0 s/s  ETA 73min
step  82000/160000  bce=0.1388  kl=0.7319  18.0 s/s  ETA 72min
step  83000/160000  bce=0.0485  kl=0.6242  18.0 s/s  ETA 71min
step  84000/160000  bce=0.0502  kl=0.6623  18.0 s/s  ETA 70min
step  85000/160000  bce=0.0690  kl=0.5801  18.0 s/s  ETA 69min
step  86000/160000  bce=0.0822  kl=0.7821  18.0 s/s  ETA 68min
step  87000/160000  bce=0.0815  kl=0.8140  18.0 s/s  ETA 68min
step  88000/160000  bce=0.0603  kl=0.7148  18.0 s/s  ETA 67min
step  89000/160000  bce=0.0700  kl=0.7385  18.0 s/s  ETA 66min
step  90000/160000  bce=0.0481  kl=0.6176  18.0 s/s  ETA 65min
  >>> EVAL LER @ p=0.007: 0.03050
  >>> saved (ler=0.03050)
step  91000/160000  bce=0.0398  kl=0.6083  18.0 s/s  ETA 64min
step  92000/160000  bce=0.0675  kl=0.6857  18.0 s/s  ETA 63min
step  93000/160000  bce=0.0737  kl=0.7884  18.0 s/s  ETA 62min
step  94000/160000  bce=0.0707  kl=0.6958  18.0 s/s  ETA 61min
step  95000/160000  bce=0.0506  kl=0.6408  18.0 s/s  ETA 60min
step  96000/160000  bce=0.1212  kl=0.7514  18.0 s/s  ETA 59min
step  97000/160000  bce=0.0448  kl=0.6502  18.0 s/s  ETA 58min
step  98000/160000  bce=0.0947  kl=0.7354  18.0 s/s  ETA 57min
step  99000/160000  bce=0.0538  kl=0.5812  18.0 s/s  ETA 56min
step 100000/160000  bce=0.0714  kl=0.7169  18.0 s/s  ETA 55min
  >>> EVAL LER @ p=0.007: 0.03330
step 101000/160000  bce=0.0747  kl=0.8033  18.0 s/s  ETA 55min
step 102000/160000  bce=0.0532  kl=0.6902  18.0 s/s  ETA 54min
step 103000/160000  bce=0.0610  kl=0.7181  18.0 s/s  ETA 53min
step 104000/160000  bce=0.0607  kl=0.7174  18.0 s/s  ETA 52min
step 105000/160000  bce=0.0591  kl=0.7718  18.0 s/s  ETA 51min
step 106000/160000  bce=0.0911  kl=0.7419  18.0 s/s  ETA 50min
step 107000/160000  bce=0.1104  kl=0.7834  18.0 s/s  ETA 49min
step 108000/160000  bce=0.1007  kl=0.6495  18.0 s/s  ETA 48min
step 109000/160000  bce=0.0411  kl=0.6132  18.0 s/s  ETA 47min
step 110000/160000  bce=0.0470  kl=0.7480  18.0 s/s  ETA 46min
  >>> EVAL LER @ p=0.007: 0.03210
step 111000/160000  bce=0.0626  kl=0.6589  18.0 s/s  ETA 45min
step 112000/160000  bce=0.0897  kl=0.7634  18.0 s/s  ETA 44min
step 113000/160000  bce=0.0788  kl=0.8570  18.0 s/s  ETA 43min
step 114000/160000  bce=0.0323  kl=0.7329  18.0 s/s  ETA 43min
step 115000/160000  bce=0.0694  kl=0.7782  18.0 s/s  ETA 42min
step 116000/160000  bce=0.0814  kl=0.6271  18.0 s/s  ETA 41min
step 117000/160000  bce=0.0409  kl=0.7369  18.0 s/s  ETA 40min
step 118000/160000  bce=0.0511  kl=0.6232  18.0 s/s  ETA 39min
step 119000/160000  bce=0.1039  kl=0.7154  18.0 s/s  ETA 38min
step 120000/160000  bce=0.1048  kl=0.7006  18.0 s/s  ETA 37min
  >>> EVAL LER @ p=0.007: 0.03100
step 121000/160000  bce=0.0894  kl=0.8059  18.0 s/s  ETA 36min
step 122000/160000  bce=0.0992  kl=0.6946  18.0 s/s  ETA 35min
step 123000/160000  bce=0.0390  kl=0.7075  18.0 s/s  ETA 34min
step 124000/160000  bce=0.0774  kl=0.7556  18.0 s/s  ETA 33min
step 125000/160000  bce=0.0637  kl=0.8141  18.0 s/s  ETA 32min
step 126000/160000  bce=0.0548  kl=0.6622  18.0 s/s  ETA 31min
step 127000/160000  bce=0.0787  kl=0.7648  18.0 s/s  ETA 31min
step 128000/160000  bce=0.0458  kl=0.6729  18.0 s/s  ETA 30min
step 129000/160000  bce=0.1100  kl=1.0071  18.0 s/s  ETA 29min
step 130000/160000  bce=0.0951  kl=0.6635  18.0 s/s  ETA 28min
  >>> EVAL LER @ p=0.007: 0.03010
  >>> saved (ler=0.03010)
step 131000/160000  bce=0.1382  kl=0.6585  18.0 s/s  ETA 27min
step 132000/160000  bce=0.0520  kl=0.6608  18.0 s/s  ETA 26min
step 133000/160000  bce=0.0428  kl=0.7039  18.0 s/s  ETA 25min
step 134000/160000  bce=0.0651  kl=0.6454  18.0 s/s  ETA 24min
step 135000/160000  bce=0.1012  kl=0.6968  18.0 s/s  ETA 23min
step 136000/160000  bce=0.0490  kl=0.6787  18.0 s/s  ETA 22min
step 137000/160000  bce=0.1180  kl=0.7609  18.0 s/s  ETA 21min
step 138000/160000  bce=0.0506  kl=0.7134  18.0 s/s  ETA 20min
step 139000/160000  bce=0.0457  kl=0.6119  18.0 s/s  ETA 19min
step 140000/160000  bce=0.0745  kl=0.6532  18.0 s/s  ETA 18min
  >>> EVAL LER @ p=0.007: 0.02550
  >>> saved (ler=0.02550)
step 141000/160000  bce=0.0891  kl=0.6929  18.0 s/s  ETA 18min
step 142000/160000  bce=0.0704  kl=0.6444  18.0 s/s  ETA 17min
step 143000/160000  bce=0.0607  kl=0.7702  18.0 s/s  ETA 16min
step 144000/160000  bce=0.0420  kl=0.7350  18.0 s/s  ETA 15min
step 145000/160000  bce=0.0833  kl=0.7987  18.0 s/s  ETA 14min
step 146000/160000  bce=0.0610  kl=0.6939  18.0 s/s  ETA 13min
step 147000/160000  bce=0.0641  kl=0.7620  18.0 s/s  ETA 12min
step 148000/160000  bce=0.0462  kl=0.7187  18.0 s/s  ETA 11min
step 149000/160000  bce=0.1202  kl=0.8039  18.0 s/s  ETA 10min
step 150000/160000  bce=0.0477  kl=0.7675  18.0 s/s  ETA 9min
  >>> EVAL LER @ p=0.007: 0.02790
step 151000/160000  bce=0.1065  kl=0.7042  18.0 s/s  ETA 8min
step 152000/160000  bce=0.0758  kl=0.5890  18.0 s/s  ETA 7min
step 153000/160000  bce=0.1243  kl=0.7691  18.0 s/s  ETA 6min
step 154000/160000  bce=0.0776  kl=0.6541  18.0 s/s  ETA 6min
step 155000/160000  bce=0.0582  kl=0.6381  18.0 s/s  ETA 5min
step 156000/160000  bce=0.0921  kl=0.6760  18.0 s/s  ETA 4min
step 157000/160000  bce=0.1226  kl=0.8227  18.0 s/s  ETA 3min
step 158000/160000  bce=0.0541  kl=0.7857  18.0 s/s  ETA 2min
step 159000/160000  bce=0.0544  kl=0.6185  18.0 s/s  ETA 1min
